// Jest Snapshot v1, https://goo.gl/fbAQLP

exports[`StaffContactEntry renders StaffContactEntry 1`] = `
<View
  style={
    {
      "alignItems": "center",
      "backgroundColor": "white",
      "borderColor": "white",
      "borderRadius": 15,
      "borderWidth": 2,
      "elevation": 3,
      "flexDirection": "row",
      "flexShrink": 1,
      "height": 200,
      "justifyContent": "space-between",
      "marginBottom": 10,
      "padding": 10,
      "shadowColor": "black",
      "shadowOffset": {
        "height": 1,
        "width": 0,
      },
      "shadowOpacity": 4,
      "shadowRadius": 2.22,
    }
  }
>
  <Image
    source={
      {
        "uri": "https://physicians.ucdavis.edu/Custom/Photos/32290.jpg",
      }
    }
    style={
      {
        "borderRadius": 10,
        "height": 150,
        "marginRight": 10,
        "width": 100,
      }
    }
  />
  <View
    accessibilityState={
      {
        "busy": undefined,
        "checked": undefined,
        "disabled": undefined,
        "expanded": undefined,
        "selected": undefined,
      }
    }
    accessibilityValue={
      {
        "max": undefined,
        "min": undefined,
        "now": undefined,
        "text": undefined,
      }
    }
    accessible={true}
    collapsable={false}
    focusable={true}
    onBlur={[Function]}
    onClick={[Function]}
    onFocus={[Function]}
    onResponderGrant={[Function]}
    onResponderMove={[Function]}
    onResponderRelease={[Function]}
    onResponderTerminate={[Function]}
    onResponderTerminationRequest={[Function]}
    onStartShouldSetResponder={[Function]}
    style={
      {
        "position": "absolute",
        "right": 5,
        "top": 5,
      }
    }
  >
    <Text
      allowFontScaling={false}
      selectable={false}
      style={
        [
          {
            "color": undefined,
            "fontSize": 22,
          },
          [
            {
              "color": "red",
            },
          ],
          {
            "fontFamily": "Ionicons",
            "fontStyle": "normal",
            "fontWeight": "normal",
          },
          {},
        ]
      }
    >
      ïŒ®
    </Text>
  </View>
  <View
    style={
      {
        "flexDirection": "column",
        "marginLeft": 10,
        "marginRight": 10,
        "maxHeight": "100%",
        "maxWidth": 200,
        "paddingRight": 10,
      }
    }
  >
    <Text
      selectable={true}
      style={
        {
          "flexWrap": "wrap",
          "fontFamily": "Figtree-Medium",
          "fontSize": 17,
          "fontWeight": "bold",
          "lineHeight": 17,
          "marginBottom": 3,
        }
      }
    >
      Angel Alberto Herrera Guerra, M.D.
    </Text>
    <Text
      selectable={true}
      style={
        {
          "flexWrap": "wrap",
          "fontFamily": "Figtree-Medium",
          "fontSize": 12,
          "fontWeight": "600",
          "lineHeight": 17,
          "marginBottom": 5,
        }
      }
    >
      Associate Professor
    </Text>
    <Text
      selectable={true}
      style={
        {
          "flexWrap": "wrap",
          "fontFamily": "Figtree-Medium",
          "fontSize": 13,
          "lineHeight": 17,
          "marginBottom": 5,
        }
      }
    >
      Pediatric Allergy, Immunology and Rheumatology
    </Text>
    <View
      accessibilityState={
        {
          "busy": undefined,
          "checked": undefined,
          "disabled": undefined,
          "expanded": undefined,
          "selected": undefined,
        }
      }
      accessibilityValue={
        {
          "max": undefined,
          "min": undefined,
          "now": undefined,
          "text": undefined,
        }
      }
      accessible={true}
      collapsable={false}
      focusable={true}
      onBlur={[Function]}
      onClick={[Function]}
      onFocus={[Function]}
      onResponderGrant={[Function]}
      onResponderMove={[Function]}
      onResponderRelease={[Function]}
      onResponderTerminate={[Function]}
      onResponderTerminationRequest={[Function]}
      onStartShouldSetResponder={[Function]}
    >
      <Text
        selectable={true}
        style={
          {
            "color": "black",
            "fontFamily": "Figtree-Light",
            "fontSize": 13,
            "fontWeight": "500",
            "marginBottom": 12,
          }
        }
      >
        Office: 
        916-734-3112
      </Text>
    </View>
    <View
      accessibilityState={
        {
          "busy": undefined,
          "checked": undefined,
          "disabled": undefined,
          "expanded": undefined,
          "selected": undefined,
        }
      }
      accessibilityValue={
        {
          "max": undefined,
          "min": undefined,
          "now": undefined,
          "text": undefined,
        }
      }
      accessible={true}
      collapsable={false}
      focusable={true}
      onBlur={[Function]}
      onClick={[Function]}
      onFocus={[Function]}
      onResponderGrant={[Function]}
      onResponderMove={[Function]}
      onResponderRelease={[Function]}
      onResponderTerminate={[Function]}
      onResponderTerminationRequest={[Function]}
      onStartShouldSetResponder={[Function]}
    >
      <View
        style={
          {
            "borderColor": "#003A5D",
            "borderRadius": 8,
            "borderWidth": 2,
            "marginRight": 10,
            "paddingBottom": 5,
            "paddingLeft": 20,
            "paddingRight": 20,
            "paddingTop": 5,
          }
        }
      >
        <Text
          style={
            {
              "color": "#003A5D",
              "fontFamily": "Figtree-Light",
              "fontWeight": "bold",
              "textAlign": "center",
            }
          }
        >
          View Full Profile 
          &gt;
           
        </Text>
      </View>
    </View>
  </View>
</View>
`;
